2026-09-15 15:15:38 [INF] Producer started.
2026-09-15 15:15:38 [INF] Start processing HTTP request GET https://gbfs.lyft.com/gbfs/2.3/bkn/en/station_information.json
2026-09-15 15:15:38 [INF] Sending HTTP request GET https://gbfs.lyft.com/gbfs/2.3/bkn/en/station_information.json
2026-09-15 15:15:38 [INF] Start processing HTTP request GET https://gbfs.lyft.com/gbfs/2.3/bkn/en/station_status.json
2026-09-15 15:15:38 [INF] Sending HTTP request GET https://gbfs.lyft.com/gbfs/2.3/bkn/en/station_status.json
2026-09-15 15:15:38 [INF] Start processing HTTP request GET https://gbfs.lyft.com/gbfs/2.3/bkn/en/vehicle_types.json
2026-09-15 15:15:38 [INF] Sending HTTP request GET https://gbfs.lyft.com/gbfs/2.3/bkn/en/vehicle_types.json
2026-09-15 15:15:39 [INF] Received HTTP response headers after 220.9499ms - 200
2026-09-15 15:15:39 [INF] End processing HTTP request after 232.1826ms - 200
2026-09-15 15:15:39 [INF] Received HTTP response headers after 274.1342ms - 200
2026-09-15 15:15:39 [INF] End processing HTTP request after 278.8224ms - 200
2026-09-15 15:15:39 [INF] Finished sending to bike.vehicle-types: 2 sent, 0 invalid
2026-09-15 15:15:39 [INF] Received HTTP response headers after 552.4468ms - 200
2026-09-15 15:15:39 [INF] End processing HTTP request after 570.9956ms - 200
2026-09-15 15:16:18 [INF] Finished sending to bike.station-information: 2519 sent, 0 invalid
2026-09-15 15:16:18 [INF] Finished sending to bike.station-status: 2519 sent, 0 invalid
2026-09-15 15:16:38 [INF] Start processing HTTP request GET https://gbfs.lyft.com/gbfs/2.3/bkn/en/station_status.json
2026-09-15 15:16:38 [INF] Sending HTTP request GET https://gbfs.lyft.com/gbfs/2.3/bkn/en/station_status.json
2026-09-15 15:16:38 [INF] Received HTTP response headers after 15.0611ms - 200
2026-09-15 15:16:38 [INF] End processing HTTP request after 19.4728ms - 200
2026-09-15 15:17:18 [INF] Finished sending to bike.station-status: 2519 sent, 0 invalid
2026-09-15 15:17:38 [INF] Start processing HTTP request GET https://gbfs.lyft.com/gbfs/2.3/bkn/en/station_status.json
2026-09-15 15:17:38 [INF] Sending HTTP request GET https://gbfs.lyft.com/gbfs/2.3/bkn/en/station_status.json
2026-09-15 15:17:39 [INF] Received HTTP response headers after 390.4884ms - 200
2026-09-15 15:17:39 [INF] End processing HTTP request after 394.2426ms - 200
